Component: ARM Compiler 5.05 update 2 (build 169) Tool: armlink [4d0f33]

==============================================================================

Section Cross References

    connect4.o(RESET) refers to connect4.o(globals) for SORTED


==============================================================================

Image Symbol Table

    Local Symbols

    Symbol Name                              Value     Ov Type        Size  Object(Section)

    RESET                                    0x00000000   Section     1084  connect4.o(RESET)
    connect4.s                               0x00000000   Number         0  connect4.o ABSOLUTE
    str_go                                   0x00000328   Data           0  connect4.o(RESET)
    str_header                               0x00000341   Data           0  connect4.o(RESET)
    str_red_turn                             0x00000355   Data           0  connect4.o(RESET)
    str_yellow_turn                          0x00000395   Data           0  connect4.o(RESET)
    str_red_win                              0x000003d8   Data           0  connect4.o(RESET)
    str_yellow_win                           0x000003e6   Data           0  connect4.o(RESET)
    str_newl                                 0x000003f7   Data           0  connect4.o(RESET)
    globals                                  0x40000000   Section       84  connect4.o(globals)
    BOARD                                    0x40000000   Data           7  connect4.o(globals)
    SORTED                                   0x4000002a   Data          42  connect4.o(globals)

    Global Symbols

    Symbol Name                              Value     Ov Type        Size  Object(Section)

    BuildAttributes$$THM_ISAv1$ARM_ISAv4$S$PE$A:L22$X:L11$S22$IEEE1$IW$USESV6$~STKCKD$USESV7$~SHL$OSPACE$EBA8$STANDARDLIB$EABIv2 0x00000000   Number         0  anon$$obj.o ABSOLUTE



==============================================================================

Memory Map of the image

  Image Entry point : 0x00000000

  Load Region LR_IROM1 (Base: 0x00000000, Size: 0x00000490, Max: 0x00080000, ABSOLUTE)

    Execution Region ER_IROM1 (Base: 0x00000000, Size: 0x0000043c, Max: 0x00080000, ABSOLUTE)

    Base Addr    Size         Type   Attr      Idx    E Section Name        Object

    0x00000000   0x0000043c   Code   RO            2  * RESET               connect4.o


    Execution Region RW_IRAM1 (Base: 0x40000000, Size: 0x00000054, Max: 0x00010000, ABSOLUTE, UNINIT)

    Base Addr    Size         Type   Attr      Idx    E Section Name        Object

    0x40000000   0x00000054   Data   RW            1    globals             connect4.o


==============================================================================

Image component sizes


      Code (inc. data)   RO Data    RW Data    ZI Data      Debug   Object Name

      1084        276          0         84          0        480   connect4.o

    ----------------------------------------------------------------------
      1084        276          0         84          0        480   Object Totals
         0          0          0          0          0          0   (incl. Generated)
         0          0          0          0          0          0   (incl. Padding)

    ----------------------------------------------------------------------
         0          0          0          0          0          0   Library Totals
         0          0          0          0          0          0   (incl. Padding)

    ----------------------------------------------------------------------

==============================================================================


      Code (inc. data)   RO Data    RW Data    ZI Data      Debug   

      1084        276          0         84          0        480   Grand Totals
      1084        276          0         84          0        480   ELF Image Totals
      1084        276          0         84          0          0   ROM Totals

==============================================================================

    Total RO  Size (Code + RO Data)                 1084 (   1.06kB)
    Total RW  Size (RW Data + ZI Data)                84 (   0.08kB)
    Total ROM Size (Code + RO Data + RW Data)       1168 (   1.14kB)

==============================================================================

